[16:23:39] ============================================================
[16:23:39] 开始东财资金流补齐（coverage>=110跳过, sleep=2.0s, retries=2）
[16:23:58] ============================================================
[16:23:58] 开始东财资金流补齐（coverage>=110跳过, sleep=2.0s, retries=2）
[16:24:08] 需补齐 8 只（近120日资金流不足 110 天）
[16:24:09]     重试 601198 第 1/2 次（等待 5s）
[16:24:15]     重试 601198 第 2/2 次（等待 10s）
[16:24:26] FAIL [1/8] 601198: 重试2次仍失败: 东财返回空（可能被风控或无数据）
[16:24:29]     重试 603015 第 1/2 次（等待 5s）
[16:24:36]     重试 603015 第 2/2 次（等待 10s）
[16:24:47] FAIL [2/8] 603015: 重试2次仍失败: 东财返回空（可能被风控或无数据）
[16:24:50]     重试 603118 第 1/2 次（等待 5s）
[16:24:56]     重试 603118 第 2/2 次（等待 10s）
[16:25:07] FAIL [3/8] 603118: 重试2次仍失败: 东财返回空（可能被风控或无数据）
[16:25:09] 达到 --limit 3，停止
[16:25:09] ============================================================
[16:25:09] 本次结束: 成功 0, 失败 3（失败清单见 _backfill_ff_failed.json，重跑自动重试）
[16:25:49] ============================================================
[16:25:49] 开始东财资金流补齐（sleep=1.2s, retries=2, force=False）
[16:25:50] 东财接口不可用（风控/网络），已等待 1 分钟，继续探测...
[16:26:51] 东财接口不可用（风控/网络），已等待 2 分钟，继续探测...
[16:27:53] 东财接口不可用（风控/网络），已等待 3 分钟，继续探测...
[16:28:54] 东财接口不可用（风控/网络），已等待 4 分钟，继续探测...
[16:29:55] 东财接口不可用（风控/网络），已等待 5 分钟，继续探测...
[16:30:56] 东财接口不可用（风控/网络），已等待 6 分钟，继续探测...
[16:31:57] 东财接口不可用（风控/网络），已等待 7 分钟，继续探测...
[16:32:59] 东财接口不可用（风控/网络），已等待 8 分钟，继续探测...
[16:34:00] 东财接口不可用（风控/网络），已等待 9 分钟，继续探测...
[16:35:01] 东财接口不可用（风控/网络），已等待 10 分钟，继续探测...
[16:36:02] 东财接口不可用（风控/网络），已等待 11 分钟，继续探测...
[16:37:04] 东财接口不可用（风控/网络），已等待 12 分钟，继续探测...
[16:38:05] 东财接口不可用（风控/网络），已等待 13 分钟，继续探测...
[16:39:06] 东财接口不可用（风控/网络），已等待 14 分钟，继续探测...
[16:40:07] 东财接口不可用（风控/网络），已等待 15 分钟，继续探测...
[16:41:09] 东财接口不可用（风控/网络），已等待 16 分钟，继续探测...
[16:42:10] 东财接口不可用（风控/网络），已等待 17 分钟，继续探测...
[16:43:11] 东财接口不可用（风控/网络），已等待 18 分钟，继续探测...
[16:44:13] 东财接口不可用（风控/网络），已等待 19 分钟，继续探测...
[16:45:14] 东财接口不可用（风控/网络），已等待 20 分钟，继续探测...
[16:46:16] 东财接口不可用（风控/网络），已等待 21 分钟，继续探测...
[16:47:17] 东财接口不可用（风控/网络），已等待 22 分钟，继续探测...
[16:48:19] 东财接口不可用（风控/网络），已等待 23 分钟，继续探测...
[16:49:21] 东财接口不可用（风控/网络），已等待 24 分钟，继续探测...
[16:50:23] 东财接口不可用（风控/网络），已等待 25 分钟，继续探测...
[16:51:24] 东财接口不可用（风控/网络），已等待 26 分钟，继续探测...
[16:52:25] 东财接口不可用（风控/网络），已等待 27 分钟，继续探测...
[16:53:37] 东财接口不可用（风控/网络），已等待 28 分钟，继续探测...
[16:54:38] 东财接口不可用（风控/网络），已等待 29 分钟，继续探测...
[16:55:39] 东财接口不可用（风控/网络），已等待 30 分钟，继续探测...
[16:56:44] 东财接口不可用（风控/网络），已等待 31 分钟，继续探测...
[16:57:46] 东财接口不可用（风控/网络），已等待 32 分钟，继续探测...
[16:58:47] 东财接口不可用（风控/网络），已等待 33 分钟，继续探测...
[16:59:48] 东财接口不可用（风控/网络），已等待 34 分钟，继续探测...
[17:00:51] 东财接口不可用（风控/网络），已等待 35 分钟，继续探测...
[17:01:53] 东财接口不可用（风控/网络），已等待 36 分钟，继续探测...
[17:02:55] 东财接口不可用（风控/网络），已等待 37 分钟，继续探测...
[17:03:57] 东财接口不可用（风控/网络），已等待 38 分钟，继续探测...
[17:04:59] 东财接口不可用（风控/网络），已等待 39 分钟，继续探测...
[17:06:00] 东财接口不可用（风控/网络），已等待 40 分钟，继续探测...
[17:07:05] 东财接口不可用（风控/网络），已等待 41 分钟，继续探测...
[17:08:06] 东财接口不可用（风控/网络），已等待 42 分钟，继续探测...
[17:09:08] 东财接口不可用（风控/网络），已等待 43 分钟，继续探测...
[17:10:09] 东财接口不可用（风控/网络），已等待 44 分钟，继续探测...
[17:11:11] 东财接口不可用（风控/网络），已等待 45 分钟，继续探测...
[17:12:13] 东财接口不可用（风控/网络），已等待 46 分钟，继续探测...
[17:13:14] 东财接口不可用（风控/网络），已等待 47 分钟，继续探测...
[17:14:17] 东财接口不可用（风控/网络），已等待 48 分钟，继续探测...
[17:15:19] 东财接口不可用（风控/网络），已等待 49 分钟，继续探测...
[17:16:20] 东财接口不可用（风控/网络），已等待 50 分钟，继续探测...
[17:17:22] 东财接口不可用（风控/网络），已等待 51 分钟，继续探测...
[17:18:23] 东财接口不可用（风控/网络），已等待 52 分钟，继续探测...
[17:19:24] 东财接口不可用（风控/网络），已等待 53 分钟，继续探测...
[17:20:26] 东财接口不可用（风控/网络），已等待 54 分钟，继续探测...
[17:21:28] 东财接口不可用（风控/网络），已等待 55 分钟，继续探测...
[17:22:29] 东财接口不可用（风控/网络），已等待 56 分钟，继续探测...
[17:23:31] 东财接口不可用（风控/网络），已等待 57 分钟，继续探测...
[17:24:33] 东财接口不可用（风控/网络），已等待 58 分钟，继续探测...
[17:25:35] 东财接口不可用（风控/网络），已等待 59 分钟，继续探测...
[17:26:36] 东财接口不可用（风控/网络），已等待 60 分钟，继续探测...
[17:27:37] 东财接口不可用（风控/网络），已等待 61 分钟，继续探测...
[17:28:38] 东财接口不可用（风控/网络），已等待 62 分钟，继续探测...
[17:29:39] 东财接口不可用（风控/网络），已等待 63 分钟，继续探测...
[17:30:40] 东财接口不可用（风控/网络），已等待 64 分钟，继续探测...
[17:31:42] 东财接口不可用（风控/网络），已等待 65 分钟，继续探测...
[17:32:43] 东财接口不可用（风控/网络），已等待 66 分钟，继续探测...
[17:33:44] 东财接口不可用（风控/网络），已等待 67 分钟，继续探测...
[17:34:45] 东财接口不可用（风控/网络），已等待 68 分钟，继续探测...
[17:35:46] 东财接口不可用（风控/网络），已等待 69 分钟，继续探测...
[17:36:47] 东财接口不可用（风控/网络），已等待 70 分钟，继续探测...
[17:37:48] 东财接口不可用（风控/网络），已等待 71 分钟，继续探测...
[17:38:49] 东财接口不可用（风控/网络），已等待 72 分钟，继续探测...
[17:39:51] 东财接口不可用（风控/网络），已等待 73 分钟，继续探测...
[17:40:52] 东财接口不可用（风控/网络），已等待 74 分钟，继续探测...
[17:41:53] 东财接口不可用（风控/网络），已等待 75 分钟，继续探测...
[17:42:55] 东财接口不可用（风控/网络），已等待 76 分钟，继续探测...
[17:43:56] 东财接口不可用（风控/网络），已等待 77 分钟，继续探测...
[17:44:57] 东财接口不可用（风控/网络），已等待 78 分钟，继续探测...
[17:45:59] 东财接口不可用（风控/网络），已等待 79 分钟，继续探测...
[17:47:00] 东财接口不可用（风控/网络），已等待 80 分钟，继续探测...
[17:48:02] 东财接口不可用（风控/网络），已等待 81 分钟，继续探测...
[17:49:03] 东财接口不可用（风控/网络），已等待 82 分钟，继续探测...
[17:50:04] 东财接口不可用（风控/网络），已等待 83 分钟，继续探测...
[17:51:05] 东财接口不可用（风控/网络），已等待 84 分钟，继续探测...
[17:52:07] 东财接口不可用（风控/网络），已等待 85 分钟，继续探测...
[17:53:08] 东财接口不可用（风控/网络），已等待 86 分钟，继续探测...
[17:54:09] 东财接口不可用（风控/网络），已等待 87 分钟，继续探测...
[17:55:11] 东财接口不可用（风控/网络），已等待 88 分钟，继续探测...
[17:56:12] 东财接口不可用（风控/网络），已等待 89 分钟，继续探测...
[17:57:13] 东财接口不可用（风控/网络），已等待 90 分钟，继续探测...
[17:58:14] 东财接口不可用（风控/网络），已等待 91 分钟，继续探测...
[17:59:15] 东财接口不可用（风控/网络），已等待 92 分钟，继续探测...
[18:00:17] 东财接口不可用（风控/网络），已等待 93 分钟，继续探测...
[18:01:18] 东财接口不可用（风控/网络），已等待 94 分钟，继续探测...
[18:02:19] 东财接口不可用（风控/网络），已等待 95 分钟，继续探测...
[18:03:21] 东财接口已恢复，开始补齐
[18:03:28] 库中共 3910 只有 K 线的股票
[18:03:28] 需处理 3910 只（已成功 0 只跳过）
[18:30:01] ============================================================
[18:30:01] 开始东财资金流补齐（sleep=1.0s, retries=2, force=False）
[18:30:09] 库中共 3920 只有 K 线的股票
[18:30:09] 需处理 3920 只（已成功 0 只跳过）
[18:31:11] OK   [1/3920] 000001: 覆盖 118 行 (2026-02-11 ~ 2026-08-13)
[18:32:21] OK   [2/3920] 000002: 覆盖 118 行 (2026-02-11 ~ 2026-08-13)
[18:32:39]     重试 000006 第 1/2 次（等待 5s）
[18:33:38] OK   [3/3920] 000006: 覆盖 120 行 (2026-02-11 ~ 2026-08-13)
[18:34:42] OK   [4/3920] 000007: 覆盖 120 行 (2026-02-11 ~ 2026-08-13)
[18:35:44] OK   [5/3920] 000008: 覆盖 120 行 (2026-02-04 ~ 2026-08-13)
[18:36:53] OK   [6/3920] 000009: 覆盖 120 行 (2026-02-11 ~ 2026-08-13)
[03:17:41]     重试 000010 第 1/2 次（等待 5s）
[08:46:52]     重试 000010 第 2/2 次（等待 10s）
[08:47:49] FAIL [7/3920] 000010: 重试2次仍失败: InterfaceError: connection already closed
[08:48:34] OK   [8/3920] 000011: 覆盖 119 行 (2026-02-12 ~ 2026-08-13)
[08:49:18] OK   [9/3920] 000012: 覆盖 119 行 (2026-02-12 ~ 2026-08-13)
[08:50:00] OK   [10/3920] 000014: 覆盖 119 行 (2026-02-12 ~ 2026-08-13)
[08:50:41] OK   [11/3920] 000016: 覆盖 119 行 (2026-02-11 ~ 2026-08-13)
[08:51:23] OK   [12/3920] 000017: 覆盖 119 行 (2026-02-12 ~ 2026-08-13)
[08:52:05] OK   [13/3920] 000019: 覆盖 119 行 (2026-02-12 ~ 2026-08-13)
[08:52:46] OK   [14/3920] 000020: 覆盖 119 行 (2026-02-12 ~ 2026-08-13)
[08:53:28] OK   [15/3920] 000021: 覆盖 117 行 (2026-02-12 ~ 2026-08-13)
[08:54:10] OK   [16/3920] 000025: 覆盖 119 行 (2026-02-12 ~ 2026-08-13)
[08:54:52] OK   [17/3920] 000026: 覆盖 119 行 (2026-02-12 ~ 2026-08-13)
[08:55:33] OK   [18/3920] 000027: 覆盖 119 行 (2026-02-12 ~ 2026-08-13)
[08:55:56]     重试 000028 第 1/2 次（等待 5s）
[08:56:02]     重试 000028 第 2/2 次（等待 10s）
[08:56:24] FAIL [19/3920] 000028: 重试2次仍失败: 东财返回空（可能被风控或无数据）
[08:56:37]     重试 000029 第 1/2 次（等待 5s）
[08:57:03]     重试 000029 第 2/2 次（等待 10s）
[08:57:34] FAIL [20/3920] 000029: 重试2次仍失败: 东财返回空（可能被风控或无数据）
[08:57:56]     重试 000030 第 1/2 次（等待 5s）
[08:58:22]     重试 000030 第 2/2 次（等待 10s）
[08:58:53] FAIL [21/3920] 000030: 重试2次仍失败: 东财返回空（可能被风控或无数据）
[08:59:15]     重试 000031 第 1/2 次（等待 5s）
[08:59:41]     重试 000031 第 2/2 次（等待 10s）
[09:00:12] FAIL [22/3920] 000031: 重试2次仍失败: 东财返回空（可能被风控或无数据）
[09:00:34]     重试 000032 第 1/2 次（等待 5s）
[09:01:00]     重试 000032 第 2/2 次（等待 10s）
[09:01:31] FAIL [23/3920] 000032: 重试2次仍失败: 东财返回空（可能被风控或无数据）
[09:01:53]     重试 000034 第 1/2 次（等待 5s）
[09:02:19]     重试 000034 第 2/2 次（等待 10s）
[09:02:50] FAIL [24/3920] 000034: 重试2次仍失败: 东财返回空（可能被风控或无数据）
[09:03:12]     重试 000035 第 1/2 次（等待 5s）
[09:03:38]     重试 000035 第 2/2 次（等待 10s）
[09:04:09] FAIL [25/3920] 000035: 重试2次仍失败: 东财返回空（可能被风控或无数据）
[09:04:31]     重试 000036 第 1/2 次（等待 5s）
[09:04:57]     重试 000036 第 2/2 次（等待 10s）
[09:05:28] FAIL [26/3920] 000036: 重试2次仍失败: 东财返回空（可能被风控或无数据）
[09:05:50]     重试 000037 第 1/2 次（等待 5s）
[09:06:16]     重试 000037 第 2/2 次（等待 10s）
[09:06:47] FAIL [27/3920] 000037: 重试2次仍失败: 东财返回空（可能被风控或无数据）
[09:07:09]     重试 000039 第 1/2 次（等待 5s）
[09:07:35]     重试 000039 第 2/2 次（等待 10s）
[09:08:06] FAIL [28/3920] 000039: 重试2次仍失败: 东财返回空（可能被风控或无数据）
[09:08:28]     重试 000042 第 1/2 次（等待 5s）
[09:08:54]     重试 000042 第 2/2 次（等待 10s）
[09:09:25] FAIL [29/3920] 000042: 重试2次仍失败: 东财返回空（可能被风控或无数据）
[09:09:47]     重试 000045 第 1/2 次（等待 5s）
[09:10:13]     重试 000045 第 2/2 次（等待 10s）
[09:10:44] FAIL [30/3920] 000045: 重试2次仍失败: 东财返回空（可能被风控或无数据）
[09:11:06]     重试 000048 第 1/2 次（等待 5s）
[09:11:32]     重试 000048 第 2/2 次（等待 10s）
[09:12:04] FAIL [31/3920] 000048: 重试2次仍失败: 东财返回空（可能被风控或无数据）
[09:12:26]     重试 000049 第 1/2 次（等待 5s）
[09:12:52]     重试 000049 第 2/2 次（等待 10s）
[09:13:23] FAIL [32/3920] 000049: 重试2次仍失败: 东财返回空（可能被风控或无数据）
[09:13:45]     重试 000050 第 1/2 次（等待 5s）
[09:14:11]     重试 000050 第 2/2 次（等待 10s）
[09:14:42] FAIL [33/3920] 000050: 重试2次仍失败: 东财返回空（可能被风控或无数据）
[09:15:04]     重试 000055 第 1/2 次（等待 5s）
[09:15:30]     重试 000055 第 2/2 次（等待 10s）
[09:16:01] FAIL [34/3920] 000055: 重试2次仍失败: 东财返回空（可能被风控或无数据）
[09:16:23]     重试 000056 第 1/2 次（等待 5s）
[09:16:49]     重试 000056 第 2/2 次（等待 10s）
[09:17:20] FAIL [35/3920] 000056: 重试2次仍失败: 东财返回空（可能被风控或无数据）
[09:17:42]     重试 000058 第 1/2 次（等待 5s）
[09:18:08]     重试 000058 第 2/2 次（等待 10s）
[09:18:39] FAIL [36/3920] 000058: 重试2次仍失败: 东财返回空（可能被风控或无数据）
[09:19:01]     重试 000059 第 1/2 次（等待 5s）
[09:19:27]     重试 000059 第 2/2 次（等待 10s）
[09:19:58] FAIL [37/3920] 000059: 重试2次仍失败: 东财返回空（可能被风控或无数据）
[09:20:20]     重试 000060 第 1/2 次（等待 5s）
[09:20:46]     重试 000060 第 2/2 次（等待 10s）
[09:21:17] FAIL [38/3920] 000060: 重试2次仍失败: 东财返回空（可能被风控或无数据）
[09:21:39]     重试 000061 第 1/2 次（等待 5s）
[09:22:05]     重试 000061 第 2/2 次（等待 10s）
[09:22:36] FAIL [39/3920] 000061: 重试2次仍失败: 东财返回空（可能被风控或无数据）
[09:22:58]     重试 000062 第 1/2 次（等待 5s）
[09:23:24]     重试 000062 第 2/2 次（等待 10s）
[09:23:55] FAIL [40/3920] 000062: 重试2次仍失败: 东财返回空（可能被风控或无数据）
[09:24:17]     重试 000063 第 1/2 次（等待 5s）
[09:24:43]     重试 000063 第 2/2 次（等待 10s）
[09:25:14] FAIL [41/3920] 000063: 重试2次仍失败: 东财返回空（可能被风控或无数据）
[10:26:13]     重试 000065 第 1/2 次（等待 5s）
[10:26:39]     重试 000065 第 2/2 次（等待 10s）
[10:27:36] OK   [42/3920] 000065: 覆盖 119 行 (2026-02-12 ~ 2026-08-13)
[10:28:23] OK   [43/3920] 000066: 覆盖 119 行 (2026-02-12 ~ 2026-08-13)
[10:29:11] OK   [44/3920] 000068: 覆盖 119 行 (2026-02-12 ~ 2026-08-13)
[10:29:58] OK   [45/3920] 000069: 覆盖 119 行 (2026-02-12 ~ 2026-08-13)
[10:30:45] OK   [46/3920] 000070: 覆盖 119 行 (2026-02-12 ~ 2026-08-13)
[10:31:33] OK   [47/3920] 000078: 覆盖 119 行 (2026-02-11 ~ 2026-08-13)
[10:32:19] OK   [48/3920] 000088: 覆盖 119 行 (2026-02-12 ~ 2026-08-13)
[10:33:06] OK   [49/3920] 000089: 覆盖 119 行 (2026-02-12 ~ 2026-08-13)
[10:33:52] OK   [50/3920] 000090: 覆盖 119 行 (2026-02-12 ~ 2026-08-13)
[10:34:39] OK   [51/3920] 000096: 覆盖 119 行 (2026-02-12 ~ 2026-08-13)
[10:35:26] OK   [52/3920] 000099: 覆盖 117 行 (2026-02-12 ~ 2026-08-13)
[10:36:12] OK   [53/3920] 000100: 覆盖 119 行 (2026-02-12 ~ 2026-08-13)
[10:36:59] OK   [54/3920] 000151: 覆盖 119 行 (2026-02-12 ~ 2026-08-13)
[10:37:48] OK   [55/3920] 000153: 覆盖 119 行 (2026-02-12 ~ 2026-08-13)
[10:38:35] OK   [56/3920] 000155: 覆盖 119 行 (2026-02-12 ~ 2026-08-13)
[10:39:29] OK   [57/3920] 000156: 覆盖 119 行 (2026-02-12 ~ 2026-08-13)
[10:40:18] OK   [58/3920] 000157: 覆盖 119 行 (2026-02-12 ~ 2026-08-13)
[10:41:05] OK   [59/3920] 000158: 覆盖 117 行 (2026-02-12 ~ 2026-08-13)
[10:41:51] OK   [60/3920] 000159: 覆盖 119 行 (2026-02-12 ~ 2026-08-13)
[10:42:39] OK   [61/3920] 000166: 覆盖 120 行 (2026-02-12 ~ 2026-08-13)
[10:43:25] OK   [62/3920] 000301: 覆盖 119 行 (2026-02-12 ~ 2026-08-13)
[10:44:28]     重试 000333 第 1/2 次（等待 5s）
[10:45:30] OK   [63/3920] 000333: 覆盖 120 行 (2026-02-12 ~ 2026-08-13)
[10:46:21] OK   [64/3920] 000338: 覆盖 119 行 (2026-02-12 ~ 2026-08-13)
[10:47:14] OK   [65/3920] 000400: 覆盖 119 行 (2026-02-12 ~ 2026-08-13)
[10:48:03] OK   [66/3920] 000401: 覆盖 119 行 (2026-02-12 ~ 2026-08-13)
[10:48:54] OK   [67/3920] 000402: 覆盖 119 行 (2026-02-12 ~ 2026-08-13)
[10:49:46] OK   [68/3920] 000403: 覆盖 119 行 (2026-02-12 ~ 2026-08-13)
[10:50:39] OK   [69/3920] 000404: 覆盖 119 行 (2026-02-12 ~ 2026-08-13)
[10:51:29] OK   [70/3920] 000407: 覆盖 119 行 (2026-02-12 ~ 2026-08-13)
[10:52:19] OK   [71/3920] 000408: 覆盖 119 行 (2026-02-12 ~ 2026-08-13)
[10:53:10] OK   [72/3920] 000409: 覆盖 119 行 (2026-02-12 ~ 2026-08-13)
[10:54:03] OK   [73/3920] 000410: 覆盖 119 行 (2026-02-12 ~ 2026-08-13)
[10:54:54] OK   [74/3920] 000411: 覆盖 119 行 (2026-02-12 ~ 2026-08-13)
[10:55:44] OK   [75/3920] 000415: 覆盖 119 行 (2026-02-12 ~ 2026-08-13)
[10:56:33] OK   [76/3920] 000417: 覆盖 119 行 (2026-02-12 ~ 2026-08-13)
[10:57:22] OK   [77/3920] 000419: 覆盖 119 行 (2026-02-12 ~ 2026-08-13)
[10:58:15] OK   [78/3920] 000420: 覆盖 119 行 (2026-02-12 ~ 2026-08-13)
[10:59:04] OK   [79/3920] 000421: 覆盖 119 行 (2026-02-12 ~ 2026-08-13)
[10:59:38]     重试 000422 第 1/2 次（等待 5s）
[11:00:32] OK   [80/3920] 000422: 覆盖 119 行 (2026-02-12 ~ 2026-08-13)
[11:01:13]     重试 000423 第 1/2 次（等待 5s）
[11:02:08] OK   [81/3920] 000423: 覆盖 119 行 (2026-02-12 ~ 2026-08-13)
[11:02:57] OK   [82/3920] 000425: 覆盖 119 行 (2026-02-12 ~ 2026-08-13)
[11:03:43] OK   [83/3920] 000426: 覆盖 119 行 (2026-02-12 ~ 2026-08-13)
[11:04:30] OK   [84/3920] 000428: 覆盖 119 行 (2026-02-12 ~ 2026-08-13)
[11:05:18] OK   [85/3920] 000429: 覆盖 119 行 (2026-02-12 ~ 2026-08-13)
[11:06:04] OK   [86/3920] 000430: 覆盖 119 行 (2026-02-10 ~ 2026-08-13)
[11:06:51] OK   [87/3920] 000488: 覆盖 119 行 (2026-02-12 ~ 2026-08-13)
[11:07:39] OK   [88/3920] 000498: 覆盖 119 行 (2026-02-12 ~ 2026-08-13)
[11:08:25] OK   [89/3920] 000501: 覆盖 119 行 (2026-02-12 ~ 2026-08-13)
[11:09:17] OK   [90/3920] 000503: 覆盖 119 行 (2026-02-12 ~ 2026-08-13)
[11:10:03] OK   [91/3920] 000504: 覆盖 119 行 (2026-02-11 ~ 2026-08-13)
[11:10:51] OK   [92/3920] 000505: 覆盖 119 行 (2026-02-12 ~ 2026-08-13)
[11:11:39] OK   [93/3920] 000506: 覆盖 119 行 (2026-02-12 ~ 2026-08-13)
[11:12:30] OK   [94/3920] 000507: 覆盖 119 行 (2026-02-12 ~ 2026-08-13)
[11:13:16] OK   [95/3920] 000509: 覆盖 119 行 (2026-02-12 ~ 2026-08-13)
[11:14:02] OK   [96/3920] 000510: 覆盖 119 行 (2026-02-12 ~ 2026-08-13)
[11:14:50] OK   [97/3920] 000513: 覆盖 119 行 (2026-02-12 ~ 2026-08-13)
[11:15:36] OK   [98/3920] 000514: 覆盖 119 行 (2026-02-12 ~ 2026-08-13)
[11:16:23] OK   [99/3920] 000516: 覆盖 119 行 (2026-02-12 ~ 2026-08-13)
[11:17:16] OK   [100/3920] 000517: 覆盖 119 行 (2026-02-12 ~ 2026-08-13)
[11:18:06] OK   [101/3920] 000518: 覆盖 119 行 (2026-02-11 ~ 2026-08-13)
[11:18:56] OK   [102/3920] 000519: 覆盖 119 行 (2026-02-12 ~ 2026-08-13)
[11:19:54] OK   [103/3920] 000520: 覆盖 119 行 (2026-02-12 ~ 2026-08-13)
[11:20:42] OK   [104/3920] 000521: 覆盖 119 行 (2026-02-12 ~ 2026-08-13)
[11:21:30] OK   [105/3920] 000523: 覆盖 119 行 (2026-02-12 ~ 2026-08-13)
[11:22:19] OK   [106/3920] 000524: 覆盖 119 行 (2026-01-29 ~ 2026-08-13)
[11:23:07] OK   [107/3920] 000525: 覆盖 119 行 (2026-02-12 ~ 2026-08-13)
[11:23:55] OK   [108/3920] 000526: 覆盖 119 行 (2026-02-12 ~ 2026-08-13)
[11:24:52] OK   [109/3920] 000528: 覆盖 119 行 (2026-02-12 ~ 2026-08-13)
[11:25:42] OK   [110/3920] 000529: 覆盖 119 行 (2026-02-12 ~ 2026-08-13)
[11:26:35] OK   [111/3920] 000530: 覆盖 119 行 (2026-02-12 ~ 2026-08-13)
[11:27:23] OK   [112/3920] 000531: 覆盖 119 行 (2026-02-12 ~ 2026-08-13)
[11:28:09] OK   [113/3920] 000532: 覆盖 119 行 (2026-02-12 ~ 2026-08-13)
[11:28:56] OK   [114/3920] 000533: 覆盖 119 行 (2026-02-12 ~ 2026-08-13)
[11:29:52] OK   [115/3920] 000534: 覆盖 119 行 (2026-02-12 ~ 2026-08-13)
[11:30:45] OK   [116/3920] 000536: 覆盖 119 行 (2026-02-12 ~ 2026-08-13)
[11:31:33] OK   [117/3920] 000537: 覆盖 119 行 (2026-02-12 ~ 2026-08-13)
[11:32:21] OK   [118/3920] 000538: 覆盖 119 行 (2026-02-12 ~ 2026-08-13)
[11:33:06] OK   [119/3920] 000539: 覆盖 119 行 (2026-02-12 ~ 2026-08-13)
[11:33:53] OK   [120/3920] 000541: 覆盖 119 行 (2026-02-12 ~ 2026-08-13)
[11:34:41] OK   [121/3920] 000543: 覆盖 119 行 (2026-02-12 ~ 2026-08-13)
[11:35:25] OK   [122/3920] 000544: 覆盖 119 行 (2026-02-12 ~ 2026-08-13)
[11:36:16] OK   [123/3920] 000545: 覆盖 119 行 (2026-02-12 ~ 2026-08-13)
[11:37:08] OK   [124/3920] 000546: 覆盖 119 行 (2026-02-12 ~ 2026-08-13)
[11:37:55] OK   [125/3920] 000547: 覆盖 119 行 (2026-02-12 ~ 2026-08-13)
[11:38:44] OK   [126/3920] 000548: 覆盖 119 行 (2026-02-12 ~ 2026-08-13)
[11:39:31] OK   [127/3920] 000550: 覆盖 119 行 (2026-02-12 ~ 2026-08-13)
[11:40:20] OK   [128/3920] 000551: 覆盖 119 行 (2026-02-12 ~ 2026-08-13)
[11:41:17] OK   [129/3920] 000552: 覆盖 119 行 (2026-01-29 ~ 2026-08-13)
[11:42:05] OK   [130/3920] 000553: 覆盖 119 行 (2026-02-12 ~ 2026-08-13)
[11:42:53] OK   [131/3920] 000554: 覆盖 119 行 (2026-02-12 ~ 2026-08-13)
[11:43:43] OK   [132/3920] 000555: 覆盖 119 行 (2026-02-12 ~ 2026-08-13)
[11:44:41] OK   [133/3920] 000557: 覆盖 119 行 (2026-02-12 ~ 2026-08-13)
[11:45:30] OK   [134/3920] 000558: 覆盖 119 行 (2026-02-12 ~ 2026-08-13)
[11:46:22] OK   [135/3920] 000559: 覆盖 119 行 (2026-02-12 ~ 2026-08-13)
[11:47:13] OK   [136/3920] 000560: 覆盖 119 行 (2026-02-12 ~ 2026-08-13)
[11:48:04] OK   [137/3920] 000561: 覆盖 119 行 (2026-02-12 ~ 2026-08-13)
[11:48:58] OK   [138/3920] 000563: 覆盖 119 行 (2026-02-12 ~ 2026-08-13)
[11:49:49] OK   [139/3920] 000564: 覆盖 119 行 (2026-02-12 ~ 2026-08-13)
[11:50:40] OK   [140/3920] 000565: 覆盖 119 行 (2026-02-12 ~ 2026-08-13)
[11:51:36] OK   [141/3920] 000566: 覆盖 119 行 (2026-02-12 ~ 2026-08-13)
[11:52:29] OK   [142/3920] 000567: 覆盖 119 行 (2026-02-12 ~ 2026-08-13)
[11:53:21] OK   [143/3920] 000568: 覆盖 119 行 (2026-02-12 ~ 2026-08-13)
[11:54:10] OK   [144/3920] 000570: 覆盖 119 行 (2026-02-12 ~ 2026-08-13)
[11:55:03] OK   [145/3920] 000571: 覆盖 119 行 (2026-02-12 ~ 2026-08-13)
[11:55:53] OK   [146/3920] 000572: 覆盖 119 行 (2026-02-12 ~ 2026-08-13)
[11:56:49] OK   [147/3920] 000573: 覆盖 119 行 (2026-02-12 ~ 2026-08-13)
[11:57:37] OK   [148/3920] 000576: 覆盖 119 行 (2026-02-12 ~ 2026-08-13)
[11:58:28] OK   [149/3920] 000581: 覆盖 119 行 (2026-02-12 ~ 2026-08-13)
[13:58:04]     重试 000582 第 1/2 次（等待 5s）
